
mapname:f35
owner:dream
maxx:6
maxy:8
survival:0
tile:0:6:0:8:0:0:0
tile:0:1:0:8:0:6:wallmetal8
tile:0:6:0:1:0:6:wallmetal8
tile:5:6:0:8:0:6:wallmetal8
tile:0:6:0:8:6:6:wallmetal8
tile:2:2:7:8:0:3:wallmetal8
tile:2:4:8:8:1:6:wallglass2
tile:4:4:7:7:0:3:wallmetal8
tile:2:2:7:7:3:3:wood1
tile:4:4:7:7:3:3:wood1
zone:0:6:0:8:0:6:f35
zone:3:3:7:7:0:0:조종석
tile:0:6:0:8:-10:0:wallmetal8
tile:3:3:7:7:0:0:chair
tile:4:4:2:2:-8:0:ladder2
zone:4:4:2:2:-8:-8:출입문
startingx:4
startingy:2
startingz:-8
public:0
zone:2:2:7:7:3:3:데시보드
zone:4:4:7:7:3:3:데시보드
zone:2:2:6:6:0:0:aircraft_laser
zone:4:4:6:6:0:0:미사일
no_recall:1
zone:2:2:2:2:0:0:폭탄 스위치
zone:4:4:4:4:0:0:rocket_launcher
zone:4:4:2:2:-7:0:사다리
zone:2:2:4:4:0:0:rpg_launcher
no_tracking:0
tile:3:3:2:6:0:0:metal5
fightingstate:1
tile:4:4:6:6:0:0:carpet
tile:2:2:6:6:0:0:carpet5
tile:4:4:5:5:0:6:wallglass2
tile:2:2:5:5:0:6:wallglass2
tile:2:2:4:4:0:0:carpet2
tile:2:2:3:3:0:6:wallmetal8
tile:4:4:3:3:0:6:wallmetal8
tile:2:2:2:2:0:0:carpet3
tile:4:4:4:4:0:0:carpet4
